// Vitest Snapshot v1, https://vitest.dev/guide/snapshot.html

exports[`select Ingredient 1`] = `
{
  "ingredient": {
    "__v": 0,
    "_id": "643d69a5c3f7b9001cfa093d",
    "calories": 643,
    "carbohydrates": 85,
    "fat": 26,
    "image": "https://code.s3.yandex.net/react/code/bun-01.png",
    "image_large": "https://code.s3.yandex.net/react/code/bun-01-large.png",
    "image_mobile": "https://code.s3.yandex.net/react/code/bun-01-mobile.png",
    "name": "Флюоресцентная булка R2-D3",
    "price": 988,
    "proteins": 44,
    "type": "bun",
  },
}
`;
